// Jest Snapshot v1, https://goo.gl/fbAQLP

exports[`App component renders App 1`] = `
<DocumentFragment>
  <input
    class="Search"
    placeholder="Search here..."
    type="text"
    value="apple"
  />
  <h1>
    Loading
  </h1>
  <h1>
    Make a search....
  </h1>
</DocumentFragment>
`;
