// Jest Snapshot v1, https://goo.gl/fbAQLP

exports[`App component renders App 1`] = `
<DocumentFragment>
  <label
    for="BG_COLOR_CHANGE"
  >
    Background Color
  </label>
  <input
    id="BG_COLOR_CHANGE"
    type="color"
    value="#00FF00"
  />
  <label
    for="FG_COLOR_CHANGE"
  >
    Foreground Color
  </label>
  <input
    id="FG_COLOR_CHANGE"
    type="color"
    value="#0000FF"
  />
  <label
    for="TEXT_CHANGE"
  >
    Text
  </label>
  <input
    id="TEXT_CHANGE"
    type="text"
    value=""
  />
  <p
    style="background-color: rgb(0, 255, 0); color: rgb(0, 0, 255);"
  />
</DocumentFragment>
`;
