// Jest Snapshot v1, https://goo.gl/fbAQLP

exports[`Quote displays a quote 1`] = `
<figcaption>
  woof woof
   - 
  spot
</figcaption>
`;
